// Jest Snapshot v1, https://goo.gl/fbAQLP

exports[`DashCard.vue should match snapshot 1`] = `
<div class="dash-cards">
  <div class="dash-card" style="background-image: url();">
    <div class="container">
      <p>New Books</p>
    </div>
  </div>
  <div class="dash-card" style="background-image: url();">
    <div class="container">
      <p>Top books of 2019</p>
    </div>
  </div>
  <div class="dash-card" style="background-image: url();">
    <div class="container">
      <p>Recomendations</p>
    </div>
  </div>
  <div class="dash-card" style="background-image: url();">
    <div class="container">
      <p>Your reading list</p>
    </div>
  </div>
</div>
`;
