// Jest Snapshot v1, https://goo.gl/fbAQLP

exports[`SideNav.vue should match snapshot 1`] = `
<div class="side-nav">
  <div class="pages">
    <router-link-stub to="/">
      <div class="single-item active"><img src="" class="icon"> <span>Home</span></div>
    </router-link-stub>
    <router-link-stub to="/search">
      <div class="single-item"><img src="" class="icon"> <span>Browse</span></div>
    </router-link-stub>
    <router-link-stub to="/authors">
      <div class="single-item"><img src="" class="icon"> <span>Authors</span></div>
    </router-link-stub>
  </div>
</div>
`;
