// Jest Snapshot v1, https://goo.gl/fbAQLP

exports[`Home Page should match the snapshot 1`] = `
<div class="home">
  <dashcards-stub></dashcards-stub>
  <div class="content">
    <div class="all-books"></div>
    <div class="right-reading-list">
      <reading-list-stub></reading-list-stub>
    </div>
  </div>
</div>
`;
